
Processing HET_efficiency_pHe_DATA.C...
Orbital Data Entries: 375578707
Number of energy bins: 48
Starting loop over 375578707 entries...
  Processing entry 0 / 375578707
  Processing entry 1000000 / 375578707
  Processing entry 2000000 / 375578707
  Processing entry 3000000 / 375578707
  Processing entry 4000000 / 375578707
  Processing entry 5000000 / 375578707
  Processing entry 6000000 / 375578707
  Processing entry 7000000 / 375578707
  Processing entry 8000000 / 375578707
  Processing entry 9000000 / 375578707
  Processing entry 10000000 / 375578707
  Processing entry 11000000 / 375578707
  Processing entry 12000000 / 375578707
  Processing entry 13000000 / 375578707
  Processing entry 14000000 / 375578707
  Processing entry 15000000 / 375578707
  Processing entry 16000000 / 375578707
  Processing entry 17000000 / 375578707
  Processing entry 18000000 / 375578707
  Processing entry 19000000 / 375578707
  Processing entry 20000000 / 375578707
  Processing entry 21000000 / 375578707
  Processing entry 22000000 / 375578707
  Processing entry 23000000 / 375578707
  Processing entry 24000000 / 375578707
  Processing entry 25000000 / 375578707
  Processing entry 26000000 / 375578707
  Processing entry 27000000 / 375578707
  Processing entry 28000000 / 375578707
  Processing entry 29000000 / 375578707
  Processing entry 30000000 / 375578707
  Processing entry 31000000 / 375578707
  Processing entry 32000000 / 375578707
  Processing entry 33000000 / 375578707
  Processing entry 34000000 / 375578707
  Processing entry 35000000 / 375578707
  Processing entry 36000000 / 375578707
  Processing entry 37000000 / 375578707
  Processing entry 38000000 / 375578707
  Processing entry 39000000 / 375578707
  Processing entry 40000000 / 375578707
  Processing entry 41000000 / 375578707
  Processing entry 42000000 / 375578707
  Processing entry 43000000 / 375578707
  Processing entry 44000000 / 375578707
  Processing entry 45000000 / 375578707
  Processing entry 46000000 / 375578707
  Processing entry 47000000 / 375578707
  Processing entry 48000000 / 375578707
  Processing entry 49000000 / 375578707
  Processing entry 50000000 / 375578707
  Processing entry 51000000 / 375578707
  Processing entry 52000000 / 375578707
  Processing entry 53000000 / 375578707
  Processing entry 54000000 / 375578707
  Processing entry 55000000 / 375578707
  Processing entry 56000000 / 375578707
  Processing entry 57000000 / 375578707
  Processing entry 58000000 / 375578707
  Processing entry 59000000 / 375578707
  Processing entry 60000000 / 375578707
  Processing entry 61000000 / 375578707
  Processing entry 62000000 / 375578707
  Processing entry 63000000 / 375578707
  Processing entry 64000000 / 375578707
  Processing entry 65000000 / 375578707
  Processing entry 66000000 / 375578707
  Processing entry 67000000 / 375578707
  Processing entry 68000000 / 375578707
  Processing entry 69000000 / 375578707
  Processing entry 70000000 / 375578707
  Processing entry 71000000 / 375578707
  Processing entry 72000000 / 375578707
  Processing entry 73000000 / 375578707
  Processing entry 74000000 / 375578707
  Processing entry 75000000 / 375578707
  Processing entry 76000000 / 375578707
  Processing entry 77000000 / 375578707
  Processing entry 78000000 / 375578707
  Processing entry 79000000 / 375578707
  Processing entry 80000000 / 375578707
  Processing entry 81000000 / 375578707
  Processing entry 82000000 / 375578707
  Processing entry 83000000 / 375578707
  Processing entry 84000000 / 375578707
  Processing entry 85000000 / 375578707
  Processing entry 86000000 / 375578707
  Processing entry 87000000 / 375578707
  Processing entry 88000000 / 375578707
  Processing entry 89000000 / 375578707
  Processing entry 90000000 / 375578707
  Processing entry 91000000 / 375578707
  Processing entry 92000000 / 375578707
  Processing entry 93000000 / 375578707
  Processing entry 94000000 / 375578707
  Processing entry 95000000 / 375578707
  Processing entry 96000000 / 375578707
  Processing entry 97000000 / 375578707
  Processing entry 98000000 / 375578707
  Processing entry 99000000 / 375578707
  Processing entry 100000000 / 375578707
  Processing entry 101000000 / 375578707
  Processing entry 102000000 / 375578707
  Processing entry 103000000 / 375578707
  Processing entry 104000000 / 375578707
  Processing entry 105000000 / 375578707
  Processing entry 106000000 / 375578707
  Processing entry 107000000 / 375578707
  Processing entry 108000000 / 375578707
  Processing entry 109000000 / 375578707
  Processing entry 110000000 / 375578707
  Processing entry 111000000 / 375578707
  Processing entry 112000000 / 375578707
  Processing entry 113000000 / 375578707
  Processing entry 114000000 / 375578707
  Processing entry 115000000 / 375578707
  Processing entry 116000000 / 375578707
  Processing entry 117000000 / 375578707
  Processing entry 118000000 / 375578707
  Processing entry 119000000 / 375578707
  Processing entry 120000000 / 375578707
  Processing entry 121000000 / 375578707
  Processing entry 122000000 / 375578707
  Processing entry 123000000 / 375578707
  Processing entry 124000000 / 375578707
  Processing entry 125000000 / 375578707
  Processing entry 126000000 / 375578707
  Processing entry 127000000 / 375578707
  Processing entry 128000000 / 375578707
  Processing entry 129000000 / 375578707
  Processing entry 130000000 / 375578707
  Processing entry 131000000 / 375578707
  Processing entry 132000000 / 375578707
  Processing entry 133000000 / 375578707
  Processing entry 134000000 / 375578707
  Processing entry 135000000 / 375578707
  Processing entry 136000000 / 375578707
  Processing entry 137000000 / 375578707
  Processing entry 138000000 / 375578707
  Processing entry 139000000 / 375578707
  Processing entry 140000000 / 375578707
  Processing entry 141000000 / 375578707
  Processing entry 142000000 / 375578707
  Processing entry 143000000 / 375578707
  Processing entry 144000000 / 375578707
  Processing entry 145000000 / 375578707
  Processing entry 146000000 / 375578707
  Processing entry 147000000 / 375578707
  Processing entry 148000000 / 375578707
  Processing entry 149000000 / 375578707
  Processing entry 150000000 / 375578707
  Processing entry 151000000 / 375578707
  Processing entry 152000000 / 375578707
  Processing entry 153000000 / 375578707
  Processing entry 154000000 / 375578707
  Processing entry 155000000 / 375578707
  Processing entry 156000000 / 375578707
  Processing entry 157000000 / 375578707
  Processing entry 158000000 / 375578707
  Processing entry 159000000 / 375578707
  Processing entry 160000000 / 375578707
  Processing entry 161000000 / 375578707
  Processing entry 162000000 / 375578707
  Processing entry 163000000 / 375578707
  Processing entry 164000000 / 375578707
  Processing entry 165000000 / 375578707
  Processing entry 166000000 / 375578707
  Processing entry 167000000 / 375578707
  Processing entry 168000000 / 375578707
  Processing entry 169000000 / 375578707
  Processing entry 170000000 / 375578707
  Processing entry 171000000 / 375578707
  Processing entry 172000000 / 375578707
  Processing entry 173000000 / 375578707
  Processing entry 174000000 / 375578707
  Processing entry 175000000 / 375578707
  Processing entry 176000000 / 375578707
  Processing entry 177000000 / 375578707
  Processing entry 178000000 / 375578707
  Processing entry 179000000 / 375578707
  Processing entry 180000000 / 375578707
  Processing entry 181000000 / 375578707
  Processing entry 182000000 / 375578707
  Processing entry 183000000 / 375578707
  Processing entry 184000000 / 375578707
  Processing entry 185000000 / 375578707
  Processing entry 186000000 / 375578707
  Processing entry 187000000 / 375578707
  Processing entry 188000000 / 375578707
  Processing entry 189000000 / 375578707
  Processing entry 190000000 / 375578707
  Processing entry 191000000 / 375578707
  Processing entry 192000000 / 375578707
  Processing entry 193000000 / 375578707
  Processing entry 194000000 / 375578707
  Processing entry 195000000 / 375578707
  Processing entry 196000000 / 375578707
  Processing entry 197000000 / 375578707
  Processing entry 198000000 / 375578707
  Processing entry 199000000 / 375578707
  Processing entry 200000000 / 375578707
  Processing entry 201000000 / 375578707
  Processing entry 202000000 / 375578707
  Processing entry 203000000 / 375578707
  Processing entry 204000000 / 375578707
  Processing entry 205000000 / 375578707
  Processing entry 206000000 / 375578707
  Processing entry 207000000 / 375578707
  Processing entry 208000000 / 375578707
  Processing entry 209000000 / 375578707
  Processing entry 210000000 / 375578707
  Processing entry 211000000 / 375578707
  Processing entry 212000000 / 375578707
  Processing entry 213000000 / 375578707
  Processing entry 214000000 / 375578707
  Processing entry 215000000 / 375578707
  Processing entry 216000000 / 375578707
  Processing entry 217000000 / 375578707
  Processing entry 218000000 / 375578707
  Processing entry 219000000 / 375578707
  Processing entry 220000000 / 375578707
  Processing entry 221000000 / 375578707
  Processing entry 222000000 / 375578707
  Processing entry 223000000 / 375578707
  Processing entry 224000000 / 375578707
  Processing entry 225000000 / 375578707
  Processing entry 226000000 / 375578707
  Processing entry 227000000 / 375578707
  Processing entry 228000000 / 375578707
  Processing entry 229000000 / 375578707
  Processing entry 230000000 / 375578707
  Processing entry 231000000 / 375578707
  Processing entry 232000000 / 375578707
  Processing entry 233000000 / 375578707
  Processing entry 234000000 / 375578707
  Processing entry 235000000 / 375578707
  Processing entry 236000000 / 375578707
  Processing entry 237000000 / 375578707
  Processing entry 238000000 / 375578707
  Processing entry 239000000 / 375578707
  Processing entry 240000000 / 375578707
  Processing entry 241000000 / 375578707
  Processing entry 242000000 / 375578707
  Processing entry 243000000 / 375578707
  Processing entry 244000000 / 375578707
  Processing entry 245000000 / 375578707
  Processing entry 246000000 / 375578707
  Processing entry 247000000 / 375578707
  Processing entry 248000000 / 375578707
  Processing entry 249000000 / 375578707
  Processing entry 250000000 / 375578707
  Processing entry 251000000 / 375578707
  Processing entry 252000000 / 375578707
  Processing entry 253000000 / 375578707
  Processing entry 254000000 / 375578707
  Processing entry 255000000 / 375578707
  Processing entry 256000000 / 375578707
  Processing entry 257000000 / 375578707
  Processing entry 258000000 / 375578707
  Processing entry 259000000 / 375578707
  Processing entry 260000000 / 375578707
  Processing entry 261000000 / 375578707
  Processing entry 262000000 / 375578707
  Processing entry 263000000 / 375578707
  Processing entry 264000000 / 375578707
  Processing entry 265000000 / 375578707
  Processing entry 266000000 / 375578707
  Processing entry 267000000 / 375578707
  Processing entry 268000000 / 375578707
  Processing entry 269000000 / 375578707
  Processing entry 270000000 / 375578707
  Processing entry 271000000 / 375578707
  Processing entry 272000000 / 375578707
  Processing entry 273000000 / 375578707
  Processing entry 274000000 / 375578707
  Processing entry 275000000 / 375578707
  Processing entry 276000000 / 375578707
  Processing entry 277000000 / 375578707
  Processing entry 278000000 / 375578707
  Processing entry 279000000 / 375578707
  Processing entry 280000000 / 375578707
  Processing entry 281000000 / 375578707
  Processing entry 282000000 / 375578707
  Processing entry 283000000 / 375578707
  Processing entry 284000000 / 375578707
  Processing entry 285000000 / 375578707
  Processing entry 286000000 / 375578707
  Processing entry 287000000 / 375578707
  Processing entry 288000000 / 375578707
  Processing entry 289000000 / 375578707
  Processing entry 290000000 / 375578707
  Processing entry 291000000 / 375578707
  Processing entry 292000000 / 375578707
  Processing entry 293000000 / 375578707
  Processing entry 294000000 / 375578707
  Processing entry 295000000 / 375578707
  Processing entry 296000000 / 375578707
  Processing entry 297000000 / 375578707
  Processing entry 298000000 / 375578707
  Processing entry 299000000 / 375578707
  Processing entry 300000000 / 375578707
  Processing entry 301000000 / 375578707
  Processing entry 302000000 / 375578707
  Processing entry 303000000 / 375578707
  Processing entry 304000000 / 375578707
  Processing entry 305000000 / 375578707
  Processing entry 306000000 / 375578707
  Processing entry 307000000 / 375578707
  Processing entry 308000000 / 375578707
  Processing entry 309000000 / 375578707
  Processing entry 310000000 / 375578707
  Processing entry 311000000 / 375578707
  Processing entry 312000000 / 375578707
  Processing entry 313000000 / 375578707
  Processing entry 314000000 / 375578707
  Processing entry 315000000 / 375578707
  Processing entry 316000000 / 375578707
  Processing entry 317000000 / 375578707
  Processing entry 318000000 / 375578707
  Processing entry 319000000 / 375578707
  Processing entry 320000000 / 375578707
  Processing entry 321000000 / 375578707
  Processing entry 322000000 / 375578707
  Processing entry 323000000 / 375578707
  Processing entry 324000000 / 375578707
  Processing entry 325000000 / 375578707
  Processing entry 326000000 / 375578707
  Processing entry 327000000 / 375578707
  Processing entry 328000000 / 375578707
  Processing entry 329000000 / 375578707
  Processing entry 330000000 / 375578707
  Processing entry 331000000 / 375578707
  Processing entry 332000000 / 375578707
  Processing entry 333000000 / 375578707
  Processing entry 334000000 / 375578707
  Processing entry 335000000 / 375578707
  Processing entry 336000000 / 375578707
  Processing entry 337000000 / 375578707
  Processing entry 338000000 / 375578707
  Processing entry 339000000 / 375578707
  Processing entry 340000000 / 375578707
  Processing entry 341000000 / 375578707
  Processing entry 342000000 / 375578707
  Processing entry 343000000 / 375578707
  Processing entry 344000000 / 375578707
  Processing entry 345000000 / 375578707
  Processing entry 346000000 / 375578707
  Processing entry 347000000 / 375578707
  Processing entry 348000000 / 375578707
  Processing entry 349000000 / 375578707
  Processing entry 350000000 / 375578707
  Processing entry 351000000 / 375578707
  Processing entry 352000000 / 375578707
  Processing entry 353000000 / 375578707
  Processing entry 354000000 / 375578707
  Processing entry 355000000 / 375578707
  Processing entry 356000000 / 375578707
  Processing entry 357000000 / 375578707
  Processing entry 358000000 / 375578707
  Processing entry 359000000 / 375578707
  Processing entry 360000000 / 375578707
  Processing entry 361000000 / 375578707
  Processing entry 362000000 / 375578707
  Processing entry 363000000 / 375578707
  Processing entry 364000000 / 375578707
  Processing entry 365000000 / 375578707
  Processing entry 366000000 / 375578707
  Processing entry 367000000 / 375578707
  Processing entry 368000000 / 375578707
  Processing entry 369000000 / 375578707
  Processing entry 370000000 / 375578707
  Processing entry 371000000 / 375578707
  Processing entry 372000000 / 375578707
  Processing entry 373000000 / 375578707
  Processing entry 374000000 / 375578707
  Processing entry 375000000 / 375578707

TFile**		HETeff_skim_Orb108Month_3sLow_6sUp_PSDprogr_STKch450_comb_vert0e7.root	
 TFile*		HETeff_skim_Orb108Month_3sLow_6sUp_PSDprogr_STKch450_comb_vert0e7.root	
  OBJ: TH1D	h1_Unb	Unbias-Trig (p+He) : 0 at: 0x2726d30
  OBJ: TH1D	h1Nobs	HE-Trig (p+He) : 0 at: 0x2727830
  OBJ: TH1D	h1Nobs_And	HE*Unbias-Trig (p+He) : 0 at: 0x2728310
  OBJ: TH1D	h1_HET_Eff	HET-Eff vs Ebgo (p+He) : 0 at: 0x2728df0
  KEY: TH1D	h1_Unb;1	Unbias-Trig (p+He)
  KEY: TH1D	h1Nobs;1	HE-Trig (p+He)
  KEY: TH1D	h1Nobs_And;1	HE*Unbias-Trig (p+He)
  KEY: TH1D	h1_HET_Eff;1	HET-Eff vs Ebgo (p+He)
End script.
