
Processing Load_orb_120month_MLSATcor.C...
Orbital Data Entries: 147398039
Number of energy bins: 36
Starting loop over 147398039 entries...
  Processing entry 0 / 147398039
  Processing entry 1000000 / 147398039
  Processing entry 2000000 / 147398039
  Processing entry 3000000 / 147398039
  Processing entry 4000000 / 147398039
  Processing entry 5000000 / 147398039
  Processing entry 6000000 / 147398039
  Processing entry 7000000 / 147398039
  Processing entry 8000000 / 147398039
  Processing entry 9000000 / 147398039
  Processing entry 10000000 / 147398039
  Processing entry 11000000 / 147398039
  Processing entry 12000000 / 147398039
  Processing entry 13000000 / 147398039
  Processing entry 14000000 / 147398039
  Processing entry 15000000 / 147398039
  Processing entry 16000000 / 147398039
  Processing entry 17000000 / 147398039
  Processing entry 18000000 / 147398039
  Processing entry 19000000 / 147398039
  Processing entry 20000000 / 147398039
  Processing entry 21000000 / 147398039
  Processing entry 22000000 / 147398039
  Processing entry 23000000 / 147398039
  Processing entry 24000000 / 147398039
  Processing entry 25000000 / 147398039
  Processing entry 26000000 / 147398039
  Processing entry 27000000 / 147398039
  Processing entry 28000000 / 147398039
  Processing entry 29000000 / 147398039
  Processing entry 30000000 / 147398039
  Processing entry 31000000 / 147398039
  Processing entry 32000000 / 147398039
  Processing entry 33000000 / 147398039
  Processing entry 34000000 / 147398039
  Processing entry 35000000 / 147398039
  Processing entry 36000000 / 147398039
  Processing entry 37000000 / 147398039
  Processing entry 38000000 / 147398039
  Processing entry 39000000 / 147398039
  Processing entry 40000000 / 147398039
  Processing entry 41000000 / 147398039
  Processing entry 42000000 / 147398039
  Processing entry 43000000 / 147398039
  Processing entry 44000000 / 147398039
  Processing entry 45000000 / 147398039
  Processing entry 46000000 / 147398039
  Processing entry 47000000 / 147398039
  Processing entry 48000000 / 147398039
  Processing entry 49000000 / 147398039
  Processing entry 50000000 / 147398039
  Processing entry 51000000 / 147398039
  Processing entry 52000000 / 147398039
  Processing entry 53000000 / 147398039
  Processing entry 54000000 / 147398039
  Processing entry 55000000 / 147398039
  Processing entry 56000000 / 147398039
  Processing entry 57000000 / 147398039
  Processing entry 58000000 / 147398039
  Processing entry 59000000 / 147398039
  Processing entry 60000000 / 147398039
  Processing entry 61000000 / 147398039
  Processing entry 62000000 / 147398039
  Processing entry 63000000 / 147398039
  Processing entry 64000000 / 147398039
  Processing entry 65000000 / 147398039
  Processing entry 66000000 / 147398039
  Processing entry 67000000 / 147398039
  Processing entry 68000000 / 147398039
  Processing entry 69000000 / 147398039
  Processing entry 70000000 / 147398039
  Processing entry 71000000 / 147398039
  Processing entry 72000000 / 147398039
  Processing entry 73000000 / 147398039
  Processing entry 74000000 / 147398039
  Processing entry 75000000 / 147398039
  Processing entry 76000000 / 147398039
  Processing entry 77000000 / 147398039
  Processing entry 78000000 / 147398039
  Processing entry 79000000 / 147398039
  Processing entry 80000000 / 147398039
  Processing entry 81000000 / 147398039
  Processing entry 82000000 / 147398039
  Processing entry 83000000 / 147398039
  Processing entry 84000000 / 147398039
  Processing entry 85000000 / 147398039
  Processing entry 86000000 / 147398039
  Processing entry 87000000 / 147398039
  Processing entry 88000000 / 147398039
  Processing entry 89000000 / 147398039
  Processing entry 90000000 / 147398039
  Processing entry 91000000 / 147398039
  Processing entry 92000000 / 147398039
  Processing entry 93000000 / 147398039
  Processing entry 94000000 / 147398039
  Processing entry 95000000 / 147398039
  Processing entry 96000000 / 147398039
  Processing entry 97000000 / 147398039
  Processing entry 98000000 / 147398039
  Processing entry 99000000 / 147398039
  Processing entry 100000000 / 147398039
  Processing entry 101000000 / 147398039
  Processing entry 102000000 / 147398039
  Processing entry 103000000 / 147398039
  Processing entry 104000000 / 147398039
  Processing entry 105000000 / 147398039
  Processing entry 106000000 / 147398039
  Processing entry 107000000 / 147398039
  Processing entry 108000000 / 147398039
  Processing entry 109000000 / 147398039
  Processing entry 110000000 / 147398039
  Processing entry 111000000 / 147398039
  Processing entry 112000000 / 147398039
  Processing entry 113000000 / 147398039
  Processing entry 114000000 / 147398039
  Processing entry 115000000 / 147398039
  Processing entry 116000000 / 147398039
  Processing entry 117000000 / 147398039
  Processing entry 118000000 / 147398039
  Processing entry 119000000 / 147398039
  Processing entry 120000000 / 147398039
  Processing entry 121000000 / 147398039
  Processing entry 122000000 / 147398039
  Processing entry 123000000 / 147398039
  Processing entry 124000000 / 147398039
  Processing entry 125000000 / 147398039
  Processing entry 126000000 / 147398039
  Processing entry 127000000 / 147398039
  Processing entry 128000000 / 147398039
  Processing entry 129000000 / 147398039
  Processing entry 130000000 / 147398039
  Processing entry 131000000 / 147398039
  Processing entry 132000000 / 147398039
  Processing entry 133000000 / 147398039
  Processing entry 134000000 / 147398039
  Processing entry 135000000 / 147398039
  Processing entry 136000000 / 147398039
  Processing entry 137000000 / 147398039
  Processing entry 138000000 / 147398039
  Processing entry 139000000 / 147398039
  Processing entry 140000000 / 147398039
  Processing entry 141000000 / 147398039
  Processing entry 142000000 / 147398039
  Processing entry 143000000 / 147398039
  Processing entry 144000000 / 147398039
  Processing entry 145000000 / 147398039
  Processing entry 146000000 / 147398039
  Processing entry 147000000 / 147398039
Loop finished.
TFile**		ROOT_FILES/PHe_skim_Orb_rem48Month_6binperdecade_2e5sigmaLow_6sigmaUp_new.root	
 TFile*		ROOT_FILES/PHe_skim_Orb_rem48Month_6binperdecade_2e5sigmaLow_6sigmaUp_new.root	
  OBJ: TH1F	h1SelBGO_orb	Selected(E_bgo) orbital : 0 at: 0x12a0a80
  OBJ: TH1F	h1SelBGO_orb_v3	Selected(E_bgo) orbital : 0 at: 0x12a12d0
  KEY: TH1F	h1SelBGO_orb;1	Selected(E_bgo) orbital
  KEY: TH1F	h1SelBGO_orb_v3;1	Selected(E_bgo) orbital
End script.
