
Processing Load_MC_He_p_5PeV_spectrum.C...
Hostname: login.le.infn.it
Base path: /nfs/argo/dampe/SKIM_2026_pHe
Number of energy bin 36
 
  10 GeV - 100 GeV ...sk_p[0]-> 2216022
 100 GeV - 1 TeV   ...sk_p[1]-> 2134014
   1 TeV - 10 TeV  ...sk_p[2]-> 841233
  10 TeV - 100 TeV ...sk_p[3]-> 586707
 100 TeV - 1 PeV   ...sk_p[4]-> 83137
   1 PeV - 5 PeV   ...sk_p[5]-> 23249
 
 
  10 GeV - 100 GeV ...sk_he[0]-> 47399
 100 GeV - 1 TeV   ...sk_he[1]-> 184422
   1 TeV - 10 TeV  ...sk_he[2]-> 111753
  10 TeV - 100 TeV ...sk_he[3]-> 173810
 100 TeV - 500 TeV ...sk_he[4]-> 98468
 500 TeV - 1 PeV   ...sk_he[5]-> 91221
   1 PeV - 5 PeV   ...sk_he[6]-> 46472
 
He...Cor in:0
He...Cor in:1
He...Cor in:2
He...Cor in:3
He...Cor in:4
He...Cor in:5
He...Cor in:6
P...Cor in:0
P...Cor in:1
P...Cor in:2
P...Cor in:3
P...Cor in:4
P...Cor in:5
End script.
